[bitcoin.org/tr/index.html]
[backblue.gif]
[fade.gif]
[index.html]
[bitcoin.org/img/icons/opengraph81d6.png]
[bitcoin.org/css/font-awesome-4.4.0/css/font-awesome.min.css]
[bitcoin.org/css/main81d6.css]
[bitcoin.org/css/sans81d6.css]
[bitcoin.org/js/base81d6.js]
[bitcoin.org/js/main81d6.js]
[bitcoin.org/js/jquery/jquery-1.11.2.min.js]
[bitcoin.org/js/jquery/jquery.qrcode.min.js]
[bitcoin.org/js/jquery/jquery-ui.min.js]
[bitcoin.org/favicon81d6.png]
[bitcoin.org/img/icons/logo_ios81d6.png]
[bitcoin.org/js/cookieconsent/cookieconsent81d6.js]
[bitcoin.org/js/analytics.js]
[external.html]
[bitcoin.org/tr/bireyler-icin-bitcoin.html]
[bitcoin.org/tr/isletmeler-icin-bitcoin.html]
[bitcoin.org/tr/baslarken.html]
[bitcoin.org/tr/nasil-calisir.html]
[bitcoin.org/tr/kaynaklar.html]
[bitcoin.org/tr/borsalari.html]
[bitcoin.org/tr/topluluk.html]
[bitcoin.org/tr/kelime-haznesi.html]
[bitcoin.org/tr/etkinlikler.html]
[bitcoin.org/tr/indir.html]
[bitcoin.org/tr/yenilik.html]
[bitcoin.org/tr/bitcoini-destekleyin.html]
[bitcoin.org/tr/satin.html]
[bitcoin.org/tr/gelistirme.html]
[bitcoin.org/tr/sss.html]
[bitcoin.org/tr/cuzdaninizi-secin.html]
[bitcoin.org/tr/bilmeniz-gerekenler.html]
[bitcoin.org/tr/yasal.html]
[bitcoin.org/tr/basin.html]
[bitcoin.org/tr/index.html]
[bitcoin.org/css/font-awesome-4.4.0/css/font-awesome.min.css]
[bitcoin.org/tr/hakkimizda.html]
[bitcoin.org/css/TitilliumWeb-Regular.ttf]
[bitcoin.org/img/os/arm68bb.png]
[bitcoin.org/css/main81d6.css]
[bitcoin.org/css/sans81d6.css]
[bitcoin.org/tr/cuzdaninizi-guvenceye-almak.html]
[bitcoin.org/tr/bireyler-icin-bitcoin.html]
[bitcoin.org/tr/isletmeler-icin-bitcoin.html]
[bitcoin.org/tr/gizliliginizi-koruyun.html]
[bitcoin.org/tr/baslarken.html]
[bitcoin.org/tr/nasil-calisir.html]
[bitcoin.org/tr/kaynaklar.html]
[bitcoin.org/tr/bitcoin-para-harcamak.html]
[bitcoin.org/img/bo_tag/bo_tag81d6.png]
[bitcoin.org/img/flags/PE81d6.png]
[bitcoin.org/tr/borsalari.html]
[bitcoin.org/tr/topluluk.html]
[bitcoin.org/tr/kelime-haznesi.html]
[bitcoin.org/js/loadMorePosts.js]
[bitcoin.org/tr/etkinlikler.html]
[bitcoin.org/css/jquery-ui.min.css]
[bitcoin.org/tr/indir.html]
[bitcoin.org/tr/yenilik.html]
[bitcoin.org/tr/bitcoini-destekleyin.html]
[bitcoin.org/tr/satin.html]
[bitcoin.org/js/bitcoin-core.js]
[bitcoin.org/tr/gelistirme.html]
[bitcoin.org/img/faq/merchants_map81d6.png]
[bitcoin.org/img/faq/mobile_send81d6.png]
[bitcoin.org/img/faq/mobile_receive81d6.png]
[bitcoin.org/img/faq/price_chart81d6.png]
[bitcoin.org/tr/sss.html]
[bitcoin.org/img/wallet/armory.png]
[bitcoin.org/tr/wallets/desktop/windows/armory/index.html]
[bitcoin.org/img/wallet/bitbox.png]
[bitcoin.org/tr/wallets/desktop/linux/armory/index.html]
[bitcoin.org/img/wallet/bitcoincore.png]
[bitcoin.org/tr/wallets/desktop/mac/armory/index.html]
[bitcoin.org/tr/wallets/hardware/bitbox/index.html]
[bitcoin.org/tr/wallets/desktop/windows/bitcoincore/index.html]
[bitcoin.org/img/wallet/bitcoinknots.png]
[bitcoin.org/tr/wallets/desktop/linux/bitcoincore/index.html]
[bitcoin.org/tr/wallets/desktop/mac/bitcoincore/index.html]
[bitcoin.org/tr/wallets/desktop/windows/bitcoinknots/index.html]
[bitcoin.org/img/wallet/bitcoinwallet.png]
[bitcoin.org/img/wallet/bither.png]
[bitcoin.org/tr/wallets/mobile/android/bitcoinwallet/index.html]
[bitcoin.org/tr/wallets/desktop/mac/bitcoinknots/index.html]
[bitcoin.org/img/wallet/bitpay.png]
[bitcoin.org/tr/wallets/desktop/linux/bitcoinknots/index.html]
[bitcoin.org/img/wallet/coldcard.png]
[bitcoin.org/tr/wallets/mobile/android/bither/index.html]
[bitcoin.org/tr/wallets/desktop/mac/bither/index.html]
[bitcoin.org/tr/wallets/desktop/windows/bither/index.html]
[bitcoin.org/tr/wallets/mobile/ios/bither/index.html]
[bitcoin.org/img/wallet/eclairmobile.png]
[bitcoin.org/tr/wallets/desktop/windows/bitpay/index.html]
[bitcoin.org/tr/wallets/desktop/linux/bither/index.html]
[bitcoin.org/tr/wallets/mobile/ios/bitpay/index.html]
[bitcoin.org/tr/wallets/mobile/android/bitpay/index.html]
[bitcoin.org/img/wallet/edgewallet.png]
[bitcoin.org/tr/wallets/desktop/linux/bitpay/index.html]
[bitcoin.org/tr/wallets/hardware/coldcard/index.html]
[bitcoin.org/tr/wallets/desktop/mac/bitpay/index.html]
[bitcoin.org/tr/wallets/mobile/android/eclairmobile/index.html]
[bitcoin.org/img/wallet/electrum.png]
[bitcoin.org/img/wallet/keepkey.png]
[bitcoin.org/tr/wallets/desktop/windows/electrum/index.html]
[bitcoin.org/tr/wallets/mobile/android/edgewallet/index.html]
[bitcoin.org/tr/wallets/mobile/ios/edgewallet/index.html]
[bitcoin.org/tr/wallets/desktop/mac/electrum/index.html]
[bitcoin.org/img/wallet/ledgernanos.png]
[bitcoin.org/tr/wallets/hardware/keepkey/index.html]
[bitcoin.org/tr/wallets/hardware/ledgernanos/index.html]
[bitcoin.org/tr/wallets/desktop/linux/electrum/index.html]
[bitcoin.org/tr/wallets/mobile/android/electrum/index.html]
[bitcoin.org/img/wallet/mycelium.png]
[bitcoin.org/tr/wallets/mobile/android/mycelium/index.html]
[bitcoin.org/img/wallet/sparrow.png]
[bitcoin.org/tr/wallets/desktop/windows/sparrow/index.html]
[bitcoin.org/img/wallet/specterdesktop.png]
[bitcoin.org/tr/wallets/desktop/windows/specterdesktop/index.html]
[bitcoin.org/tr/wallets/desktop/linux/sparrow/index.html]
[bitcoin.org/tr/wallets/desktop/mac/sparrow/index.html]
[bitcoin.org/img/wallet/trezormodelt.png]
[bitcoin.org/tr/wallets/desktop/linux/specterdesktop/index.html]
[bitcoin.org/tr/wallets/hardware/trezormodelt/index.html]
[bitcoin.org/tr/wallets/desktop/mac/specterdesktop/index.html]
[bitcoin.org/img/wallet/trezorone.png]
[bitcoin.org/tr/wallets/hardware/trezorone/index.html]
[bitcoin.org/img/wallet/unstoppable.png]
[bitcoin.org/img/wallet/wasabi.png]
[bitcoin.org/tr/wallets/mobile/ios/unstoppable/index.html]
[bitcoin.org/tr/wallets/desktop/windows/wasabi/index.html]
[bitcoin.org/tr/wallets/mobile/android/unstoppable/index.html]
[bitcoin.org/img/wallet/armory81d6.png]
[bitcoin.org/tr/wallets/desktop/index.html]
[bitcoin.org/tr/wallets/desktop/mac/wasabi/index.html]
[bitcoin.org/tr/wallets/desktop/linux/wasabi/index.html]
[bitcoin.org/tr/wallets/desktop/linux/index.html]
[bitcoin.org/img/wallet/bitbox81d6.png]
[bitcoin.org/img/wallet/bitcoincore81d6.png]
[bitcoin.org/tr/wallets/hardware/index.html]
[bitcoin.org/tr/wallets/desktop/windows/index.html]
[bitcoin.org/tr/wallets/desktop/mac/index.html]
[bitcoin.org/tr/wallets/mobile/index.html]
[bitcoin.org/img/wallet/bitcoinknots81d6.png]
[bitcoin.org/tr/wallets/mobile/android/index.html]
[bitcoin.org/tr/wallets/mobile/ios/index.html]
[bitcoin.org/tr/wallets/web/index.html]
[bitcoin.org/img/wallet/bitcoinwallet81d6.png]
[bitcoin.org/img/wallet/bither81d6.png]
[bitcoin.org/img/wallet/bitpay81d6.png]
[bitcoin.org/img/wallet/coldcard81d6.png]
[bitcoin.org/img/wallet/eclairmobile81d6.png]
[bitcoin.org/img/wallet/edgewallet81d6.png]
[bitcoin.org/img/wallet/electrum81d6.png]
[bitcoin.org/img/wallet/keepkey81d6.png]
[bitcoin.org/img/wallet/ledgernanos81d6.png]
[bitcoin.org/img/wallet/mycelium81d6.png]
[bitcoin.org/img/wallet/sparrow81d6.png]
[bitcoin.org/img/wallet/specterdesktop81d6.png]
[bitcoin.org/img/wallet/trezormodelt81d6.png]
[bitcoin.org/img/wallet/trezorone81d6.png]
[bitcoin.org/img/wallet/unstoppable81d6.png]
[bitcoin.org/img/wallet/wasabi81d6.png]
[bitcoin.org/js/walletSelector.js]
[bitcoin.org/tr/cuzdaninizi-secin.html]
[bitcoin.org/tr/bilmeniz-gerekenler.html]
[bitcoin.org/tr/yasal.html]
[bitcoin.org/tr/basin.html]
[bitcoin.org/tr/hakkimizda.html]
[bitcoin.org/css/TitilliumWeb-Regular.html]
[bitcoin.org/tr/cuzdaninizi-guvenceye-almak.html]
[bitcoin.org/tr/gizliliginizi-koruyun.html]
[bitcoin.org/tr/bitcoin-para-harcamak.html]
[bitcoin.org/img/jquery/ui-icons_444444_256x240.png]
[bitcoin.org/img/jquery/ui-icons_777777_256x240.png]
[bitcoin.org/img/jquery/ui-icons_555555_256x240.png]
[bitcoin.org/img/jquery/ui-icons_ffffff_256x240.png]
[bitcoin.org/img/jquery/ui-icons_777620_256x240.png]
[bitcoin.org/img/jquery/ui-icons_cc0000_256x240.png]
[bitcoin.org/css/jquery-ui.min.css]
[bitcoin.org/img/screenshots/armory.png]
[bitcoin.org/tr/wallets/desktop/windows/armory/index.html]
[bitcoin.org/tr/wallets/desktop/mac/armory/index.html]
[bitcoin.org/tr/wallets/desktop/linux/armory/index.html]
[bitcoin.org/img/screenshots/bitbox02.png]
[bitcoin.org/tr/wallets/hardware/bitbox/index.html]
[bitcoin.org/img/screenshots/bitcoincore.png]
[bitcoin.org/tr/wallets/desktop/windows/bitcoincore/index.html]
[bitcoin.org/tr/wallets/desktop/mac/bitcoincore/index.html]
[bitcoin.org/tr/wallets/desktop/linux/bitcoincore/index.html]
[bitcoin.org/img/screenshots/bitcoinknots.png]
[bitcoin.org/tr/wallets/desktop/windows/bitcoinknots/index.html]
[bitcoin.org/tr/wallets/desktop/mac/bitcoinknots/index.html]
[bitcoin.org/tr/wallets/desktop/linux/bitcoinknots/index.html]
[bitcoin.org/img/screenshots/bitcoinwalletandroid.png]
[bitcoin.org/tr/wallets/mobile/android/bitcoinwallet/index.html]
[bitcoin.org/img/screenshots/bithermobile.png]
[bitcoin.org/img/screenshots/bitherdesktop.png]
[bitcoin.org/tr/wallets/mobile/ios/bither/index.html]
[bitcoin.org/tr/wallets/mobile/android/bither/index.html]
[bitcoin.org/tr/wallets/desktop/windows/bither/index.html]
[bitcoin.org/tr/wallets/desktop/mac/bither/index.html]
[bitcoin.org/tr/wallets/desktop/linux/bither/index.html]
[bitcoin.org/img/screenshots/bitpay.png]
[bitcoin.org/tr/wallets/mobile/android/bitpay/index.html]
[bitcoin.org/tr/wallets/mobile/ios/bitpay/index.html]
[bitcoin.org/tr/wallets/desktop/windows/bitpay/index.html]
[bitcoin.org/tr/wallets/desktop/mac/bitpay/index.html]
[bitcoin.org/tr/wallets/desktop/linux/bitpay/index.html]
[bitcoin.org/img/screenshots/coldcard.png]
[bitcoin.org/tr/wallets/hardware/coldcard/index.html]
[bitcoin.org/img/screenshots/eclairmobile.png]
[bitcoin.org/tr/wallets/mobile/android/eclairmobile/index.html]
[bitcoin.org/img/screenshots/edgewalletandroid.png]
[bitcoin.org/img/screenshots/edgewalletios.png]
[bitcoin.org/tr/wallets/mobile/android/edgewallet/index.html]
[bitcoin.org/tr/wallets/mobile/ios/edgewallet/index.html]
[bitcoin.org/img/screenshots/electrum.png]
[bitcoin.org/img/screenshots/electrumandroid.png]
[bitcoin.org/tr/wallets/desktop/windows/electrum/index.html]
[bitcoin.org/tr/wallets/desktop/mac/electrum/index.html]
[bitcoin.org/tr/wallets/desktop/linux/electrum/index.html]
[bitcoin.org/tr/wallets/mobile/android/electrum/index.html]
[bitcoin.org/img/screenshots/keepkey.png]
[bitcoin.org/tr/wallets/hardware/keepkey/index.html]
[bitcoin.org/img/screenshots/ledgernanos.png]
[bitcoin.org/tr/wallets/hardware/ledgernanos/index.html]
[bitcoin.org/img/screenshots/mycelium.png]
[bitcoin.org/tr/wallets/mobile/android/mycelium/index.html]
[bitcoin.org/img/screenshots/sparrow.png]
[bitcoin.org/tr/wallets/desktop/windows/sparrow/index.html]
[bitcoin.org/tr/wallets/desktop/mac/sparrow/index.html]
[bitcoin.org/tr/wallets/desktop/linux/sparrow/index.html]
[bitcoin.org/img/screenshots/specterdesktop.png]
[bitcoin.org/tr/wallets/desktop/windows/specterdesktop/index.html]
[bitcoin.org/tr/wallets/desktop/mac/specterdesktop/index.html]
[bitcoin.org/tr/wallets/desktop/linux/specterdesktop/index.html]
[bitcoin.org/tr/wallets/hardware/trezormodelt/index.html]
[bitcoin.org/img/screenshots/trezormodelt.png]
[bitcoin.org/img/screenshots/trezorone.png]
[bitcoin.org/tr/wallets/hardware/trezorone/index.html]
[bitcoin.org/img/screenshots/unstoppable_ios.png]
[bitcoin.org/img/screenshots/unstoppable_android.png]
[bitcoin.org/tr/wallets/mobile/ios/unstoppable/index.html]
[bitcoin.org/tr/wallets/mobile/android/unstoppable/index.html]
[bitcoin.org/img/screenshots/wasabi.png]
[bitcoin.org/tr/wallets/desktop/windows/wasabi/index.html]
[bitcoin.org/tr/wallets/desktop/mac/wasabi/index.html]
[bitcoin.org/tr/wallets/desktop/linux/wasabi/index.html]
[bitcoin.org/tr/wallets/desktop/index.html]
[bitcoin.org/tr/wallets/desktop/linux/index.html]
[bitcoin.org/tr/wallets/desktop/mac/index.html]
[bitcoin.org/tr/wallets/desktop/windows/index.html]
[bitcoin.org/tr/wallets/hardware/index.html]
[bitcoin.org/tr/wallets/mobile/index.html]
[bitcoin.org/tr/wallets/mobile/android/index.html]
[bitcoin.org/tr/wallets/mobile/ios/index.html]
[bitcoin.org/tr/wallets/web/index.html]
